[    0.000000] Initializing cgroup subsys cpuset
[    0.000000] Initializing cgroup subsys cpu
[    0.000000] Initializing cgroup subsys cpuacct
[    0.000000] Linux version 4.4.0-170-generic (buildd@lcy01-amd64-019) (gcc version 5.4.0 20160609 (Ubuntu 5.4.0-6ubuntu1~16.04.12) ) #199-Ubuntu SMP Thu Nov 14 01:45:04 UTC 19 (Ubuntu 4.4.0-170.199-generic 4.4.20)
[  000000 Cmmanline: BOOT_IMAGE=/boot/vmlinuz-4.4.0-170-generic root=LABEL=cloudimg-rootfs ro console=tty1 console=ttyS0
[    0.000000] KERNEL supported cpus:
[    0.000000]   Intel GenuineIntel
[    0.000000]   AMD AuthenticAMD
[    0.000000]   Centaur CentaurHauls
[    0.000000] x86/fpu: xstate_offset[2]:  576, xstate_sizes[2]: 56
    0.0000] x86/fpu: Supporting XSAVE feature 0x01: 'x87 floating point registers'
[    0.000000] x86/fpu: Supporting XSAVE feature 0x02: 'SSE registers'
[    0.000000] x86/fpu: Supporting XSAVE feature 0x04: 'AVX registers'
[    0.000000] x86/fpu: Enabled xstate features 0x7, context size is 832 bytes, using 'standard' format.
[    0.000000] e820: BIOS-provided physical RAM map:
[    0.000000] BIOS-e820: [mem 0x0000000000000000-0x000000000009fbff] usable
[    0.000000] BIOS-e820: [mem 0x000000000009fc00-0x000000000009ffff] reserved
[    0.000000] BIOS-e820: [mem 0x00000000000f0000-0x00000000000fffff] reserved
[    0.000000] BIOS-e820: [mem 0x0000000000100000-0x000000003ffeffff] usable
[    0.000000] BIOS-e820: [mem 0x000000003fff0000-0x000000003fffffff] ACPI data
[    0.000000] BIOS-e820: [mem 0x00000000fec00000-0x00000000fec00fff] reserved
[    0.000000] BIOS-e820: [mem 0x00000000fee00000-0x00000000fee00fff] reserved
[    0.000000] BIOS-e820: [mem 0x00000000fffc0000-0x00000000ffffffff] reserved
[    0.000000] NX (Execute Disable) protection: active
[    0.000000] SMBIOS 2.5 present.
[    0.000000] Hypervisor detected: KVM
[    0.000000] e820: last_pfn = 0x3fff0 max_arch_pfn = 0x400000000
[    0.000000] MTRR: Disabled
[    0.000000] x86/PAT: MTRRs disabled, skipping PAT initialization too.
[    0.000000] CPU MTRRs all blank - virtualized system.
[    0.000000] x86/PAT: Configuration [0-7]: WB  WT  UC- UC  WB  WT  UC- UC  
[    0.000000] found SMP MP-table at [mem 0x0009fff0-0x0009ffff] mapped at [ffff88000009fff0]
[    0.000000] Scanning 1 areas for low memory corruption
[    0.000000] RAMDISK: [mem 0x362fa000-0x37174fff]
[    0.000000] ACPI: Early table checksum verification disabled
[    0.000000] ACPI: RSDP 0x00000000000E0000 000024 (v02 VBOX  )
[    0.000000] ACPI: XSDT 0x000000003FFF0030 00003C (v01 VBOX   VBOXXSDT 00000001 ASL  00000061)
[    0.000000] ACPI: FACP 0x000000003FFF00F0 0000F4 (v04 VBOX   VBOXFACP 00000001 ASL  00000061)
[    0.000000] ACPI: DSDT 0x000000003FFF0470 0021FF (v02 VBOX   VBOXBIOS 00000002 INTL 20100528)
[    0.000000] ACPI: FACS 0x000000003FFF0200 000040
[    0.000000] ACPI: FACS 0x000000003FFF0200 000040
[    0.000000] ACPI: APIC 0x000000003FFF0240 00005C (v02 VBOX   VBOXAPIC 00000001 ASL  00000061)
[    0.000000] ACPI: SSDT 0x000000003FFF02A0 0001CC (v01 VBOX   VBOXCPUT 00000002 INTL 20100528)
[    0.000000] No NUMA configuration found
[    0.000000] Faking a node at [mem 0x0000000000000000-0x000000003ffeffff]
[    0.000000] NODE_DATA(0) allocated [mem 0x3ffeb000-0x3ffeffff]
[    0.000000] kvm-clock: Using msrs 4b564d01 and 4b564d00
[    0.000000] kvm-clock: cpu 0, msr 0:3ffe3001, primary cpu clock
[    0.000000] kvm-clock: using sched offset of 3252434060 cycles
[    0.000000] clocksource: kvm-clock: mask: 0xffffffffffffffff max_cycles: 0x1cd42e4dffb, max_idle_ns: 881590591483 ns
[    0.000000] Zone ranges:
[    0.000000]   DMA      [mem 0x0000000000001000-0x0000000000ffffff]
[    0.000000]   DMA32    [mem 0x0000000001000000-0x000000003ffeffff]
[    0.000000]   Normal   empty
[    0.000000]   Device   empty
[    0.000000] Movable zone start for each node
[    0.000000] Early memory node ranges
[    0.000000]   node   0: [mem 0x0000000000001000-0x000000000009efff]
[    0.000000]   node   0: [mem 0x0000000000100000-0x000000003ffeffff]
[    0.000000] Initmem setup node 0 [mem 0x0000000000001000-0x000000003ffeffff]
[    0.000000] ACPI: PM-Timer IO Port: 0x4008
[    0.000000] IOAPIC[0]: apic_id 2, version 32, address 0xfec00000, GSI 0-23
[    0.000000] ACPI: INT_SRC_OVR (bus 0 bus_irq 0 global_irq 2 dfl dfl)
[    0.000000] ACPI: INT_SRC_OVR (bus 0 bus_irq 9 global_irq 9 low level)
[    0.000000] Using ACPI (MADT) for SMP configuration information
[    0.000000] smpboot: Allowing 2 CPUs, 0 hotplug CPUs
[    0.000000] PM: Registered nosave memory: [mem 0x00000000-0x00000fff]
[    0.000000] PM: Registered nosave memory: [mem 0x0009f000-0x0009ffff]
[    0.000000] PM: Registered nosave memory: [mem 0x000a0000-0x000effff]
[    0.000000] PM: Registered nosave memory: [mem 0x000f0000-0x000fffff]
[    0.000000] e820: [mem 0x40000000-0xfebfffff] available for PCI devices
[    0.000000] Booting paravirtualized kernel on KVM
[    0.000000] clocksource: refined-jiffies: mask: 0xffffffff max_cycles: 0xffffffff, max_idle_ns: 7645519600211568 ns
[    0.000000] setup_percpu: NR_CPUS:512 nr_cpumask_bits:512 nr_cpu_ids:2 nr_node_ids:1
[    0.000000] PERCPU: Embedded 33 pages/cpu @ffff88003fc00000 s95448 r8192 d31528 u1048576
[    0.000000] Built 1 zonelists in Node order, mobility grouping on.  Total pages: 257912
[    0.000000] Policy zone: DMA32
[    0.000000] Kernel command line: BOOT_IMAGE=/boot/vinuz-4.4.0-170-generic root=LABEL=cloudimg-rootfs ro console=tty1 console=ttyS0
[    0.000000] PID hash table entries: 4096 (order: 3, 32768 bytes)
[    0.000000] Memory: 997728K/1048120K available (8626K kernel code, 1336K rwdata, 4036K rodata, 1488K init, 1288K bss, 50392K reserved, 0K cma-reserved)
[    0.000000] SLUB: HWalign=64, Order=0-3, MinObjects=0, CPUs=2, Nodes=1
[    0.000000] Kernel/User page tables isolation: enabled
[    0.000000] Hierarchical RCU implementation.
[    0.000000] 	Build-time adjustment of leaf fanout to 64.
[    0.000000] 	RCU restricting CPUs from NR_CPUS=512 to nr_cpu_ids=2.
[    0.000000] RCU: Adjusting geometry for rcu_fanout_leaf=64, nr_cpu_ids=2
[    0.000000] NR_IRQS:33024 nr_irqs:440 16
[    0.000000] Console: colour VGA+ 80x25
[    0.000000] console [tty1] enabled
[    0.000000] console [ttyS0] enabled
[    0.000000] tsc: Detected 2111.998 MHz processor
[    0.551158] Calibrating delay loop (skipped) preset value.. 4223.99 BogoMIPS (lpj=8447992)
[    0.553299] pid_max: default: 32768 minimum: 301
[    0.554453] ACPI: Core revision 20150930
[    0.557091] ACPI: 2 ACPI AML tables successfully acquired and loaded
[    0.558656] Security Framework initialized
[    0.559813] Yama: becoming mindful.
[    0.560733] AppArmor: AppArmor initialized
[    0.561844] Dentry cache hash table entries: 131072 (order: 8, 1048576 bytes)
[    0.564521] Inode-cache hash table entries: 65536 (order: 7, 524288 bytes)
[    0.566364] Mount-cache hash table entries: 2048 (order: 2, 16384 bytes)
[    0.567888] Mountpoint-cache hash table entries: 2048 (order: 2, 16384 bytes)
[    0.570427] Initializing cgroup subsys io
[    0.571747] Initializing cgroup subsys memory
[    0.573031] Initializing cgroup subsys devices
[    0.574161] Initializing cgroup subsys freezer
[    0.575318] Initializing cgroup subsys net_cls
[    0.576428] Initializing cgroup subsys perf_event
[    0.577597] Initializing cgroup subsys net_prio
[    0.578902] Initializing cgroup subsys hugetlb
[    0.579902] Initializing cgroup subsys pids
[    0.582284] mce: CPU supports 0 MCE banks
[    0.583263] Last level iTLB entries: 4KB 64, 2MB 8, 4MB 8
[    0.584427] Last level dTLB entries: 4KB 64, 2MB 0, 4MB 0, 1GB 4
[    0.585794] Spectre V1 : Mitigation: usercopy/swapgs barriers and __user pointer sanitization
[    0.587826] Spectre V2 : Mitigation: Full generic retpoline
[    0.589436] Spectre V2 : Spectre v2 / SpectreRSB mitigation: Filling RSB on context switch
[    0.591426] Speculative Store Bypass: Vulnerable
[    0.592519] MDS: Mitigation: Clear CPU buffers
[    0.595796] Freeing SMP alternatives memory: 36K
[    0.601744] ftrace: allocating 32302 entries in 127 pages
[    0.654089] smpboot: APIC(0) Converting physical 0 to logical package 0
[    0.825560] smpboot: Max logical packages: 1
[    0.955366] x2apic enabled
[    0.956516] Switched APIC routing to physical x2apic.
[    0.959093] ..TIMER: vector=0x30 apic1=0 pin1=2 apic2=-1 pin2=-1
[    1.068485] smpboot: CPU0: Intel(R) Core(TM) i7-8650U CPU @ 1.90GHz (family: 0x6, model: 0x8e, stepping: 0xa)
[    1.143277] Performance Events: unsupported p6 CPU model 142 no PMU driver, software events only.
[    1.153488] KVM setup paravirtual spinlock
[    1.159007] x86: Booting SMP configuration:
[    1.167174] .... node  #0, CPUs:      #1
[    1.168376] kvm-clock: cpu 1, msr 0:3ffe3041, secondary cpu clock
[    1.170976] mce: CPU supports 0 MCE banks
[    1.180681] x86: Booted up 1 node, 2 CPUs
[    1.185973] smpboot: Total of 2 processors activated (8447.99 BogoMIPS)
[    1.188347] devtmpfs: initialized
[    1.191596] evm: security.selinux
[    1.192708] evm: security.SMACK64
[    1.193712] evm: security.SMACK64EXEC
[    1.194843] evm: security.SMACK64TRANSMUTE
[    1.196075] evm: security.SMACK64MMAP
[    1.203808] evm: security.ima
[    1.298509] evm: security.capability
[    1.394462] clocksource: jiffies: mask: 0xffffffff max_cycles: 0xffffffff, max_idle_ns: 7645041785100000 ns
[    1.576141] futex hash table entries: 512 (order: 3, 32768 bytes)
[    1.738186] pinctrl core: initialized pinctrl subsystem
[    1.902865] RTC time: 10:01:29, date: 12/13/19
[    2.035603] NET: Registered protocol family 16
[    2.179453] cpuidle: using governor ladder
[    2.219443] cpuidle: using governor menu
[    2.239765] PCCT header not found.
[    2.241567] ACPI: bus type PCI registered
[    2.244038] acpiphp: ACPI Hot Plug PCI Controller Driver version: 0.5
[    2.246022] PCI: Using configuration type 1 for base access
[    2.260004] ACPI: Added _OSI(Module Device)
[    2.261080] ACPI: Added _OSI(Processor Device)
[    2.321393] ACPI: Added _OSI(3.0 _SCP Extensions)
[    2.322522] ACPI: Added _OSI(Processor Aggregator Device)
[    2.324365] ACPI: Executed 1 blocks of module-level executable AML code
[    2.327895] ACPI: Interpreter enabled
[    2.328870] ACPI: (supports S0 S5)
[    2.329782] ACPI: Using IOAPIC for interrupt routing
[    2.510918] PCI: Using host bridge windows from ACPI; if necessary, use "pci=nocrs" and report a bug
[    2.711000] ACPI: PCI Root Bridge [PCI0] (domain 0000 [bus 00-ff])
[    2.893414] acpi PNP0A03:00: _OSC: OS supports [ASPM ClockPM Segments MSI]
[    2.934317] acpi PNP0A03:00: _OSC: not requesting OS control; OS requires [ExtendedConfig ASPM ClockPM MSI]
[    3.104393] acpi PNP0A03:00: fail to add MMCONFIG information, can't access extended PCI configuration space under this bridge.
[    3.174058] PCI host bridge to bus 0000:00
[    3.199319] pci_bus 0000:00: root bus resource [io  0x0000-0x0cf7 window]
[    3.235570] pci_bus 0000:00: root bus resource [io  0x0d00-0xffff window]
[    3.278919] pci_bus 0000:00: root bus resource [mem 0x000a0000-0x000bffff window]
[    3.281075] pci_bus 0000:00: root bus resource [mem 0x40000000-0xfdffffff window]
[    3.283280] pci_bus 0000:00: root bus resource [bus 00-ff]
[    3.286537] pci 0000:00:01.1: legacy IDE quirk: reg 0x10: [io  0x01f0-0x01f7]
[    3.288545] pci 0000:00:01.1: legacy IDE quirk: reg 0x14: [io  0x03f6]
[    3.314825] pci 0000:00:01.1: legacy IDE quirk: reg 0x18: [io  0x0170-0x0177]
[    3.316640] pci 0000:00:01.1: legacy IDE quirk: reg 0x1c: [io  0x0376]
[    3.342171] pci 0000:00:07.0: quirk: [io  0x4000-0x403f] claimed by PIIX4 ACPI
[    3.481620] pci 0000:00:07.0: quirk: [io  0x4100-0x410f] claimed by PIIX4 SMB
[    3.518273] ACPI: PCI Interrupt Link [LNKA] (IRQs 5 9 10 *11)
[    3.574930] ACPI: PCI Interrupt Link [LNKB] (IRQs 5 9 *10 11)
[    3.601986] ACPI: PCI Interrupt Link [LNKC] (IRQs 5 *9 10 11)
[    3.651832] ACPI: PCI Interrupt Link [LNKD] (IRQs 5 9 10 *11)
[    3.681027] ACPI: Enabled 2 GPEs in block 00 to 07
[    3.773116] vgaarb: setting as boot device: PCI:0000:00:02.0
[    3.806711] vgaarb: device added: PCI:0000:00:02.0,decodes=io+mem,owns=io+mem,locks=none
[    3.832752] vgaarb: loaded
[    3.833604] vgaarb: bridge control possible 0000:00:02.0
[    3.860469] SCSI subsystem initialized
[    4.000268] ACPI: bus type USB registered
[    4.140684] usbcore: registered new interface driver usbfs
[    4.315451] usbcore: registered new interface driver hub
[    4.338578] usbcore: registered new device driver usb
[    4.340529] PCI: Using ACPI for IRQ routing
[    4.342221] NetLabel: Initializing
[    4.343592] NetLabel:  domain hash size = 128
[    4.345068] NetLabel:  protocols = UNLABELED CIPSOv4
[    4.347241] NetLabel:  unlabeled traffic allowed by default
[    4.349149] amd_nb: Cannot enumerate AMD northbridges
[    4.350840] clocksource: Switched to clocksource kvm-clock
[    4.359171] AppArmor: AppArmor Filesystem Enabled
[    4.367139] pnp: PnAC in
  4.89] p: PnP AI:ou 3eves
[  5305]losoceac_p msk0xffff m_cle 0ffff, x_les:085701024 ns
[    5.976459] NET: Registred protocol family 2

[    6.012126] TCP established hash table entries: 8192 (order: 4, 65536 bytes)
[    6.014149] TCP bind hash table entries: 8192 (order: 5, 131072 bytes)
[  6160]CPHa tlecoigedestablished 8192 bind19
[  61598] P shab eries: 512 (order: 2, 16384 bytes)[  6956]DPitha tlentes51(order: 2, 16384 bytes)
[    7.571925] NET: Registered protocol family 1
[    7.573186] pci 0000:00:00.0: Limiting direct PCI/PCI transfers
[    7.574880] pci 0000:00:.0:ctatng ISA DMA hang workarounds
[  7394]npki itram..

[    8.318609] Freeing initrd memory: 14828K
[    8.375957] clocksource: tsc: mask: 0xffffffffffffffff max_cycles: 0x1e71768ef8b, max_idle_ns: 440795218977 ns
[    8.378460] platform rtc_cmos: registered platform RTC device (no PNP device found)
[    8.380406] Scanning for low memory corruption every 60 seconds
[    8.395841] audit: initializing netlink subsys (disabled)
[    8.531137] audit: type=2000 audit(1576231296.741:1): initialized
[    8.618315] Initialise system trusted keyring
[    8.626206] HugeTLB registered 2 MB page size, pre-allocated 0 pages
[    8.629134] zbud: loaded
[    8.640461] VFS: Disk quotas dquot_6.6.0
[    8.651800] VFS: Dquot-cache hash table entries: 512 (order 0, 4096 bytes)
[    8.654029] squashfs: version 4.0 (2009/01/31) Phillip Lougher
[    8.655752] fuse init (API version 7.23)
[    8.657006] Key type big_key registered
[    8.658205] Allocating IMA MOK and blacklist keyrings.
[    8.661379] Key type asymmetric registered
[    8.662585] Asymmetric key parser 'x509' registered
[    8.663921] Block layer SCSI generic (bsg) driver version 0.4 loaded (major 249)
[    8.666044] io scheduler noop registered
[    8.667214] io scheduler deadline registered (default)
[    8.668744] io scheduler cfq registered
[    8.669845] pci_hotplug: PCI Hot Plug PCI Core version: 0.5
[    8.671222] pciehp: PCI Express Hot Plug Controller Driver version: 0.4
[    8.675855] ACPI: AC Adapter [AC] (on-line)
[    8.676948] input: Power Button as /devices/LNXSYSTM:00/LNXPWRBN:00/input/input0
[    8.679749] ACPI: Power Button [PWRF]
[    8.680707] input: Sleep Button as /devices/LNXSYSTM:00/LNXSLPBN:00/input/input1
[    8.682445] ACPI: Sleep Button [SLPF]
[    8.683536] GHES: HEST is not enabled!
[    8.684165] ACPI: Battery Slot [BAT0] (battery present)
[    8.685750] Serial: 8250/16550 driver, 32 ports, IRQ sharing enabled
[    8.709381] 00:02: ttyS0 at I/O 0x3f8 (irq = 4, base_baud = 115200) is a 16550A
[    8.720747] Linux agpgart interface v0.103
[    8.730793] loop: module loaded
[    8.754850] scsi host0: ata_piix
[   .8723] scsi host1: atapi
[    943674] ata1: PATA max UDMA/33 cmd x1 ctl 0x3f6 bmdma 0xd000 irq 4
[    9.225840] ata2: PATA max UDMA/33 cmd 0x170 ctl 0x376 bmdma 0xd008 irq 15

[    9.228227] libphy: Fixed MDIO Bus: probed
[    9.230070] tun: Universal TUN/TAP device driver, 1.6
[    9.231831] tun: (C) 1999-2004 Max Krasnyansky <maxk@qualcomm.com>
[    9.233974] PPP generic driver version 2.4.2
[    9.235749] ehci_hcd: USB 2.0 'Enhanced' Host Controller (EHCI) Driver
[    9.237870] ehci-pci: EHCI PCI platform driver
[    9.239592] ehci-platform: EHCI generic platform driver
[    9.241550] ohci_hcd: USB 1.1 'Open' Host Controller (OHCI) Driver
[    9.243633] ohci-pci: OHCI PCI platform driver
[    9.245330] ohci-platform: OHCI generic platform driver
[    9.247128] uhci_hcd: USB Universal Host Controller Interface driver
[    9.252459] i8042: PNP: PS/2 Controller [PNP0303:PS2K,PNP0f03:PS2M] at 0x60,0x64 irq 1,12
[    9.255613] serio: i8042 KBD port at 0x60,0x64 irq 1
[    9.257220] serio: i8042 AUX port at 0x60,0x64 irq 12
[    9.259413] mousedev: PS/2 mouse device common for all mice
[    9.261834] input: AT Translated Set 2 keyboard as /devices/platform/i8042/serio0/input/input2
[    9.265244] rtc_cmos rtc_cmos: rtc core: registered rtc_cmos as rtc0
[    9.267593] rtc_cmos rtc_cmos: alarms up to one day, 114 bytes nvram
[    9.269656] i2c /dev entries driver
[    9.271240] device-mapper: uevent: version 1.0.3
[    9.273123] device-mapper: ioctl: 4.34.0-ioctl (2015-10-28) initialised: dm-devel@redhat.com
[    9.276365] ledtrig-cpu: registered to indicate activity on CPUs
[    9.278931] NET: Registered protocol family 10
[    9.280440] NET: Registered protocol family 17
[    9.281851] Key type dns_resolver registered
[    9.283654] registered taskstats version 1
[    9.285017] Loading compiled-in X.509 certificates
[    9.287483] Loaded X.509 cert 'Build time autogenerated kernel key: f0e56e97f406068ace47a9bf54316e9855aaaa43'
[    9.290452] zswap: loaded using pool lzo/zbud
[    9.293844] Key type trusted registered
[    9.298354] Key type encrypted registered
[    9.299832] AppArmor: AppArmor sha1 policy hashing enabled
[    9.301805] ima: No TPM chip found, activating TPM-bypass!
[    9.303725] ima: Allocated hash algorithm: sha1
[    9.305334] evm: HMAC attrs: 0x1
[    9.307041]   Magic number: 15:35:22
[    9.308412] rtc_cmos rtc_cmos: setting system clock to 2019-12-13 10:01:36 UTC (1576231296)
[    9.311132] BIOS EDD facility v0.16 2004-Jun-25, 0 devices found
[    9.312844] EDD information not available.
[    9.384337] Freeing unused kernel memory: 1488K
[    9.395069] Write protecting the kernel read-only data: 14336k
[    9.397238] Freeing unused kernel memory: 1604K
[    9.398902] Freeing unused kernel memory: 60K
Loading, please wait...
starting version 229
[    9.413199] random: systemd-udevd: uninitialized urandom read (16 bytes read, 3 bits of entropy available)
[    9.414016] random: udevadm: uninitialized urandom read (16 bytes read, 3 bits of entropy available)
[    9.414040] random: udevadm: uninitialized urandom read (16 bytes read, 3 bits of entropy available)
[    9.423276] random: systemd-udevd: uninitialized urandom read (16 bytes read, 3 bits of entropy available)
[    9.425009] random: udevadm: uninitialized urandom read (16 bytes read, 3 bits of entropy available)
[    9.425063] random: udevadm: uninitialized urandom read (16 bytes read, 3 bits of entropy available)
[    9.425267] random: udevadm: uninitialized urandom read (16 bytes read, 3 bits of entropy available)
[    9.425339] random: udevadm: uninitialized urandom read (16 bytes read, 3 bits of entropy available)
[    9.425402] random: udevadm: uninitialized urandom read (16 bytes read, 3 bits of entropy available)
[    9.425467] random: udevadm: uninitialized urandom read (16 bytes read, 3 bits of entropy available)
[    9.477026] Fusion MPT base driver 3.04.20
[    9.478266] Copyright (c) 1999-2008 LSI Corporation
[    9.480356] e1000: Intel(R) PRO/1000 Network Driver - version 7.3.21-k8-NAPI
[    9.482361] e1000: Copyright (c) 1999-2006 Intel Corporation.
[    9.494522] Fusion MPT SPI Host driver 3.04.20
[    9.503571] AVX2 version of gcm_enc/dec engaged.
[    9.505089] AES CTR mode by8 optimization enabled
[    9.691606] input: ImExPS/2 Generic Explorer Mouse as /devices/platform/i8042/serio1/input/input4
[    9.882016] e1000 0000:00:03.0 eth0: (PCI:33MHz:32-bit) 02:dd:45:a7:5d:a0
[    9.890737] e1000 0000:00:03.0 eth0: Intel(R) PRO/1000 Network Connection
[    9.893663] mptbase: ioc0: Initiating bringup
[    9.894318] e1000 0000:00:03.0 enp0s3: renamed from eth0
[   10.308882] ioc0: LSI53C1030 A0: Capabilities={Initiator}
[   11.601346] scsi host2: ioc0: LSI53C1030 A0, FwRev=00000000h, Ports=1, MaxQ=256, IRQ=20
[   12.450586] scsi 2:0:0:0: Direct-Access     VBOX     HARDDISK         1.0  PQ: 0 ANSI: 5
[   12.538476] scsi target2:0:0: Beginning Domain Validation
[   12.560828] scsi target2:0:0: Domain Validation skipping write tests
[   12.564386] scsi target2:0:0: Ending Domain Validation
[   13.422137] scsi target2:0:0: asynchronous
[   13.600503] scsi 2:0:1:0: Direct-Access     VBOX     HARDDISK         1.0  PQ: 0 ANSI: 5
[   13.603071] scsi target2:0:1: Beginning Domain Validation
[   13.605740] scsi target2:0:1: Domain Validation skipping write tests
[   13.607848] scsi target2:0:1: Ending Domain Validation
[   13.609610] scsi target2:0:1: asynchronous
[   13.633262] sd 2:0:0:0: Attached scsi generic sg0 type 0
[   13.634982] sd 2:0:0:0: [sda] 20971520 512-byte logical blocks: (10.7 GB/10.0 GiB)
[   13.639467] sd 2:0:1:0: [sdb] 20480 512-byte logical blocks: (10.5 MB/10.0 MiB)
[   13.642181] sd 2:0:0:0: [sda] Write Protect is off
[   13.642235] sd 2:0:1:0: [sdb] Write Protect is off
[   13.642368] sd 2:0:1:0: [sdb] Incomplete mode parameter data
[   13.642369] sd 2:0:1:0: [sdb] Assuming drive cache: write through
[   13.647486] sd 2:0:1:0: Attached scsi generic sg1 type 0
[   13.649703] sd 2:0:1:0: [sdb] Attached SCSI disk
[   13.654493] sd 2:0:0:0: [sda] Incomplete mode parameter data
[   13.672419] sd 2:0:0:0: [sda] Assuming drive cache: write through
[   13.675970]  sda: sda1
[   13.677897] sd 2:0:0:0: [sda] Attached SCSI disk
Begin: Loading e[   15.154293] md: linear personality registered for level -1
ssential drivers[   15.272787] md: multipath personality registered for level -4
 ... [   15.452579] md: raid0 personality registered for level 0
[   15.458159] md: raid1 personality registered for level 1
[   15.530984] raid6: sse2x1   gen()  6721 MB/s
[   15.599269] raid6: sse2x1   xor()  5121 MB/s
[   15.667082] raid6: sse2x2   gen()  8747 MB/s
[   15.734946] raid6: sse2x2   xor()  5796 MB/s
[   15.803195] raid6: sse2x4   gen()  9042 MB/s
[   15.874913] raid6: sse2x4   xor()  6069 MB/s
[   15.943314] raid6: avx2x1   gen() 13145 MB/s
[   16.011264] raid6: avx2x2   gen() 20222 MB/s
[   16.078875] raid6: avx2x4   gen() 27867 MB/s
[   16.109398] raid6: using algorithm avx2x4 gen() 27867 MB/s
[   16.118754] raid6: using avx2x2 recovery algorithm
[   16.122085] xor: automatically using best checksumming function:
[   16.162931]    avx       : 19608.000 MB/sec
[   16.165688] async_tx: api initialized (async)
[   16.177294] md: raid6 personality registered for level 6
[   16.178886] md: raid5 personality registered for level 5
[   16.180271] md: raid4 personality registered for level 4
[   16.187722] md: raid10 personality registered for level 10
done.
Begin: Running /scripts/init-premount ... done.
Begin: Mounting root file system ... Begin: Running /scripts/local-top ... done.
Begin: Running /scripts/local-premount ... [   16.217882] Btrfs loaded
Scanning for Btrfs filesystems
done.
Warning: fsck not present, so skipping root file system
[   16.241755] EXT4-fs (sda1): mounted filesystem with ordered data mode. Opts: (null)
done.
Begin: Running /scripts/local-bottom ... done.
Begin: Running /scripts/init-bottom ... done.
[   16.340214] systemd[1]: systemd 229 running in system mode. (+PAM +AUDIT +SELINUX +IMA +APPARMOR +SMACK +SYSVINIT +UTMP +LIBCRYPTSETUP +GCRYPT +GNUTLS +ACL +XZ -LZ4 +SECCOMP +BLKID +ELFUTILS +KMOD -IDN)
[   16.345128] systemd[1]: Detected virtualization oracle.
[   16.346439] systemd[1]: Detected architecture x86-64.

Welcome to [1mUbuntu 16.04.6 LTS[0m!

[   16.351174] systemd[1]: Set hostname to <ubuntu>.
[   16.354286] systemd[1]: Initializing machine ID from random generator.
[   16.362632] systemd[1]: Installed transient /etc/machine-id file.
[   16.511670] systemd[1]: Listening on Syslog Socket.
[[0;32m  OK  [0m] Listening on Syslog Socket.
[  1.767 ste[1 Ltening on Journal Socket.

[[0;32m  OK  [0m] Listening on Journal Socket.
[   17.184007] systemd[1]: Listening on udev Control Socket.
[[0;32m  OK  [0m] Listening on udev Control Socket.
[   17.188953] systemd[1]: Listening on Journal Socket (/dev/log).
[[0;32m  OK  [0m] Listening on Journal Socket (/dev/log).
[   17.193929] systemd[1]: Listeningn Journal Audit Socket.
[[0;32m  OK  [0m] Listening on Journal Audit Socket.
[   17.421940] systemd[1]: Set up automount Arbitra EcublFile Fmas Fileysm tounPot.
[[0;32m  OK  [0m] Set up automount Arbitrary Executab...ats File System Automount Point.
[  13962syem[1]:eahed art st Te nconed

[[0;32m  OK  [0m] Reached target System Time Synchronized.
[ 192205] systemd[1]: Listening on LVM2 metadata daemon socket.
[[0;32m  OK  [0m] Listening on LVM2 metadata daemon socket.
[   19.361290] systemd[1]: Started Forward Password Requests to Wall Directory Watch.
[[0;32m  OK  [0m] Started Forward Password Requests to Wall Directory Watch.
[   19.365383] systemd[1]: Created slice User and Session Slice.
[[0;32m  OK  [0m] Created slice User and Session Slice.
[   19.368222] systemd[1]: Reached target Encrypted Volumes.
[[ 0;32m  OK  [0m] Reached target Encrypted Volumes.
[   19.3980syem1]Lienngon uv rn Ske
[[0;32m  OK  [0m] Listening on udev Kernel Socket.
[   0.0181syem1]Crte slie stem Slice.
[[0;32m  OK  [0m] Created slice System Slice.
[   20.771550] systemd[1]: Starting Nameserver information manager...
         Starting Nameserver information manager...
[   21.055345] systemd[1]: Mounting Debug File System...
         Mounting Debug File System...
[   21.067886] systemd[1]: Mounting Huge Pages File System...
         Mounting Huge Pages File System...
[   21.123943] systemd[1]: Starting Uncomplicated firewall...
         Starting Uncomplicated firewall...
[   21.171448] systemd[1]: Starting Journal Service...
         Starting Journal Service...
[   21.180547] systemd[1]: Created slice system-serial\x2dgetty.slice.
[[0;32m  OK  [0m] Created slice system-serial\x2dgetty.slice.
[   21.192649] systemd[1]: Starting Create list of required static device nodes for the current kernel...
[   21.196833] random: nonblocking pool is initialized
         Starting Create list of required st... nodes for the current kernel...
[   21.200491] systemd[1]: Starting Remount Root and Kernel File Systems...
[   21.202752] EXT4-fs (sda1): re-mounted. Opts: (null)
         Starting Remount Root and Kernel File Systems...
[   21.223894] systemd[1]: Mounting POSIX Message Queue File System...
         Mounting POSIX Message Queue File System...
[   21.228513] systemd[1]: Starting Load Kernel Modules...
         [   21.389673] Loading iSCSI transport class v2.0-870.
Starting Load Ke[   21.416263] iscsi: registered transport (tcp)
rnel Modules...
[   21.467009] systemd[1]: Reached target Slices.
[[0;32m  OK  [0m] Reached target Slices.
[   21.491807] systemd[1]: Listening on /dev/initctl Compatibility Named Pipe.
[[0;32m  OK  [0m] Listening on /de[   21.504635] iscsi: registered transport (iser)
v/initctl Compatibility Named Pipe.
[   21.535484] systemd[1]: Reached target User and Group Name Lookups.
[[0;32m  OK  [0m] Reached target User and Group Name Lookups.
[   21.651662] systemd[1]: Starting Set console keymap...
         Starting Set console keymap...
[   21.863318] systemd[1]: Reached target Swap.
[[0;32m  OK  [0m] Reached target Swap.
[   22.034312] systemd[1]: Started Trigger resolvconf update for networkd DNS.
[[0;32m  OK  [0m] Started Trigger resolvconf update for networkd DNS.
[   22.043750] systemd[1]: Listening on LVM2 poll daemon socket.
[[0;32m  OK  [0m] Listening on LVM2 poll daemon socket.
[ 2228296 ste[1]Liening on Device-mapper event daemon FIFOs.

[[0;32m  OK  [0m] Listening on Device-mapper event daemon FIFOs.
[   22.679521] systemd[1]: Starting Monitoring of LVM2 mirrors, snapshots etc. using dmeventd or progress polling...
         Starting Monitoring of LVM2 mirrors... dmeventd or progress polling...
[   22.852199] systemd[1]: Mounted POSIX Message Queue File System.
[[0;32m  OK  [0m] Mounted POSIX Message Queue File System.
[   .092 ste[1: Mound buFi Stem.
[[0;32m  OK  [0m] Mounted Debug File System.
[   23.692326] systemd[1]: Mounted Huge Pages File System.
[[0;32m  OK  [0m] Mounted Huge Pages File System.
[   23.695725] systemd[1]: Started Journal Service.
[[0;32m  OK  [0m] Started Journal Service.
[[0;32m  OK  [0m] Started Uncomplicated firewall.
[[0;32m  OK  [0m] Started Create list of required sta...ce nodes for the current kernel.
[[0;32m  OK  [0m] Started Remount Root and Kernel File Systems.
[[0;32m  OK  [0m] Started Load Kernel Modules.
[[0;32m  OK  [0m] Started Set console keymap.
[[0;32m  OK  [0m] Started Nameserver information manager.
[[0;32m  OK  [0m] Started LVM2 metadata daemon.
         Mounting FUSE Control File System...
         Starting Apply Kernel Variables...
         Starting Load/Save Random Seed...
         Starting udev Coldplug all Devices...
         Starting Create Static Device Nodes in /dev...
         Starting Flush Journal to Persistent Storage...
[[0;32m  OK  [0m] Mounted FUSE Control File System.
[[0;32m  OK  [0m] Started Apply Kernel Variables.
[[0;32m  OK  [0m] Started Load/Save Random Seed.
[[0;32m  OK  [0m] Started Create Static Device Nodes in /dev.
         Starting udev Kernel Device Manager...
[[0;32m  OK  [0m] Started Flush Journal to Persistent Storage.
[[0;32m  OK  [0m] Started udev Coldplug all Devices.
[[0;32m  OK  [0m] Started Monitoring of LVM2 mirrors,...ng dmeventd or progress polling.
[[0;32m  OK  [0m] Started udev Kernel Device Manager.
[[0;32m  OK  [0m] Reached target Local File Systems (Pre).
[[0;32m  OK  [0m] Reached target Local File Systems.
         Starting Initial cloud-init job (pre-networking)...
         Starting Set console font and keymap...
         Starting LSB: AppArmor initialization...
         Starting Tell Plymouth To Write Out Runtime Data...
         Starting Commit a transient machine-id on disk...
[[0;32m  OK  [0m] Started Dispatch Password Requests to Console Directory Watch.
         Starting Create Volatile Files and Directories...
[[0;32m  OK  [0m] Started Tell Plymouth To Write Out Runtime Data.
[[0;32m  OK  [0m] Started Commit a transient machine-id on disk.
[[0;32m  OK  [0m] Started Create Volatile Files and Directories.
[[0;32m  OK  [0m] Found device /dev/ttyS0.
[   21.659992] cloud-init[492]: Cloud-init v. 19.2-36-g059d049c-0ubuntu2~16.04.1 running 'init-local' at Fri, 13 Dec 2019 10:01:52 +0000. Up 21.35 seconds.
[[0;32m  OK  [0m] Started Initial cloud-init job (pre-networking).
[[0;32m  OK  [0m] Reached target Network (Pre).
[[0;32m  OK  [0m] Listening on Load/Save RF Kill Switch Status /dev/rfkill Watch.
         Starting Update UTMP about System Boot/Shutdown...
[[0;32m  OK  [0m] Started Update UTMP about System Boot/Shutdown.
[[0;32m  OK  [0m] Started Set console font and keymap.
[[0;32m  OK  [0m] Created slice system-getty.slice.
[[0;32m  OK  [0m] Started LSB: AppArmor initialization.
         Starting Raise network interfaces...
[[0;32m  OK  [0m] Started Raise network interfaces.
[[0;32m  OK  [0m] Reached target Network.
         Starting Initial cloud-init job (metadata service crawler)...
[   24.426740] cloud-init[945]: Cloud-init v. 19.2-36-g059d049c-0ubuntu2~16.04.1 running 'init' at Fri, 13 Dec 2019 10:01:54 +0000. Up 23.90 seconds.
[   24.449812] cloud-init[945]: ci-info: ++++++++++++++++++++++++++++++++++++++Net device info++++++++++++++++++++++++++++++++++++++
[   24.463892] cloud-init[945]: ci-info: +--------+------+----------------------------+---------------+--------+-------------------+
[   24.466795] cloud-init[945]: ci-info: | Device |  Up  |          Address           |      Mask     | Scope  |     Hw-Address    |
[   24.469743] cloud-init[945]: ci-info: +--------+------+----------------------------+---------------+--------+-------------------+
[   24.472441] cloud-init[945]: ci-info: | enp0s3 | True |         10.0.2.15          | 255.255.255.0 | global | 02:dd:45:a7:5d:a0 |
[   24.475128] cloud-init[945]: ci-info: | enp0s3 | True | fe80::dd:45ff:fea7:5da0/64 |       .       |  link  | 02:dd:45:a7:5d:a0 |
[   24.493380] cloud-init[945]: ci-info: |   lo   | True |         127.0.0.1          |   255.0.0.0   |  host  |         .         |
[   24.493733] cloud-init[945]: ci-info: |   lo   | True |          ::1/128           |       .       |  host  |         .         |
[[0;32m  OK  [0m] Started Initial cloud-init job (metadata service crawler).
[[   24.493963] cloud-init[945]: ci-info: +--------+------+----------------------------+---------------+--------+-------------------+
[   24.538317] cloud-init[945]: ci-info: +++++++++++++++++++++++++++Route IPv4 info++++++++++++++++++++++++++++
[   24.538496] cloud-init[945]: ci-info: +-------+-------------+----------+---------------+-----------+-------+
[   24.538690] cloud-init[945]: ci-info: | Route | Destination | Gateway  |    Genmask    | Interface | Flags |
[   24.538893] cloud-init[945]: ci-info: +-------+-------------+----------+---------------+-----------+-------+
[   24.539075] cloud-init[945]: ci-info: |   0   |   0.0.0.0   | 10.0.2.2 |    0.0.0.0    |   enp0s3  |   UG  |
[   24.539281] cloud-init[945]: ci-info: |   1   |   10.0.2.0  | 0.0.0.0  | 255.255.255.0 |   enp0s3  |   U   |
[   24.539478] cloud-init[945]: ci-info: +-------+-------------+----------+---------------+-----------+-------+
[   24.539667] cloud-init[945]: ci-info: +++++++++++++++++++Route IPv6 info+++++++++++++++++++
[   24.539877] cloud-init[945]: ci-info: +-------+-------------+---------+-----------+-------+
[   24.540280] cloud-init[945]: ci-info: | Route | Destination | Gateway | Interface | Flags |
[   24.540477] cloud-init[945]: ci-info: +-------+-------------+---------+-----------+-------+
[   24.540680] cloud-init[945]: ci-info: |   0   |  fe80::/64  |    ::   |   enp0s3  |   U   |
[   24.540907] cloud-init[945]: ci-info: |   3   |   ff00::/8  |    ::   |   enp0s3  |   U   |
[   24.541107] cloud-init[945]: ci-info: +-------+-------------+---------+-----------+-------+
[   24.541331] cloud-init[945]: Generating public/private rsa key pair.
[   24.541530] cloud-init[945]: Your identification has been saved in /etc/ssh/ssh_host_rsa_key.
[0;32m  OK  [0m[   24.541888] ] cloud-initReached target Cloud-config availability.[945]: 
Your public key has been saved in /etc/ssh/ssh_host_rsa_key.pub.
[   24.541924] cloud-init[945]: The key fingerprint is:
[   24.944895] cloud-init[945]: SHA256:Si6qVE0SbhTpEs+6z2HBwJFlwRQbP7Ac6f51qziIMxw root@ubuntu-xenial
[   24.945330] cloud-init[945]: The key's randomart image is:
[[0;32m  OK  [0m] Reached target Network is Online.
[   24.945747] cloud-init[945]: +---[RSA 2048]----+
[   25.010188] cloud-init[945]: | .=&*            |
[   25.011392] cloud-init[945]: |.o*+O            |
[   25.012568] cloud-init[945]: | o*B +           |
[   25.013775] cloud-init[945]: | .+=+ .          |
[   25.014944] cloud-init[945]: |  ++ .. S        |
[   25.016061] cloud-init[945]: | E...o o .       |
[   25.017151] cloud-init[945]: |..+o+ + . .      |
[   25.018273] cloud-init[945]: |.*oo.+.  .       |
[   25.019766] cloud-init[945]: |..=o ....        |
[   25.022499] cloud-init[945]: +----[SHA256]-----+
[   25.059299] cloud-init[945]: Generating public/private dsa key pair.
[   25.059630] cloud-init[945]: Your identification has been saved in /etc/ssh/ssh_host_dsa_key.
[   25.059902] cloud-init[945]: Your public key has been saved in /etc/ssh/ssh_host_dsa_key.pub.
[   25.060442] cloud-init[945]: The key fingerprint is:
[   25.060702] cloud-init[945]: SHA256:Et5QKLjgpu9FqkM3emFr2Cbj4lMFLz3Oydj/gojJ2x8 root@ubuntu-xenial
[   25.060990] cloud-init[945]: The key's randomart image is:
[   25.061255] cloud-init[945]: +---[DSA 1024]----+
[   25.061524] cloud-init[945]: |   .   ..        |
[   25.061814] cloud-init[945]: |. ... ..         |
[   25.062054] cloud-init[945]: |.. .+.o          |
[   25.062284] cloud-init[945]: | o.. * +         |
[   25.062543] cloud-init[945]: |o   X = S        |
[   25.062800] cloud-init[945]: |.. X * .         |
[   25.063033] cloud-init[945]: |o.@ *Eo          |
[   25.063279] cloud-init[945]: |o@oO ..o         |
[   25.063515] cloud-init[945]: |=*X...  o.       |
[   25.063747] cloud-init[945]: +----[SHA256]-----+
[   25.063982] cloud-init[945]: Generating public/private ecdsa key pair.
[   25.064525] cloud-init[945]: Your identification has been saved in /etc/ssh/ssh_host_ecdsa_key.
[   25.064806] cloud-init[945]: Your public key has been saved in /etc/ssh/ssh_host_ecdsa_key.pub.
[   25.065044] cloud-init[945]: The key fingerprint is:
[   25.065326] cloud-init[945]: SHA256:hxuaVQkIW1A/X4SFwdP1PhbO7YlhML6E9M3xmdo/4zQ root@ubuntu-xenial
[   25.065581] cloud-init[945]: The key's randomart image is:
[   25.065844] cloud-init[945]: +---[ECDSA 256]---+
[   25.066089] cloud-init[945]: |    o+o....*o..  |
[   25.066362] cloud-init[945]: |     o.. .=o.  . |
[   25.066701] cloud-init[945]: |    .   o.o+.. ..|
[   25.067034] cloud-init[945]: |        .=+.= =.=|
[   25.067301] cloud-init[945]: |        S.o+ = Oo|
[   25.067555] cloud-init[945]: |       + +. o *.o|
[   25.067833] cloud-init[945]: |      o .  . o E.|
         Starting iSCSI initiator daemon (iscsid)...
[   25.068078] cloud-init[945]: |              .oo|
[   25.241502] cloud-init[945]: |              ..+|
[   25.241693] cloud-init[945]: +----[SHA256]-----+
[   25.241948] cloud-init[945]: Generating public/private ed25519 key pair.
[   25.242213] cloud-init[945]: Your identification has been saved in /etc/ssh/ssh_host_ed25519_key.
[[0;32m  OK  [0m] Reached target System Initialization.
[   25.242728] cloud-init[945]: Your public key has been saved in /etc/ssh/ssh_host_ed25519_key.pub.
         Starting Socket activation for snappy daemon.
[[   25.405571] cloud-init[945]: The key fingerprint is:
[   25.460478] cloud-init[945]: SHA256:2KxouixTIl2crS1NPDYHiNU96WpvAQ4LJTKx6roZMm0 root@ubuntu-xenial
[   25.460701] cloud-init[945]: The key's randomart image is:
[0;32m  OK  [0m] Started Message of the Day.
[[   25.460942] cloud-init[945]: +--[ED25519 256]--+
[   25.473134] cloud-init[945]: |.. o.o . .       |
[   25.473381] cloud-init[945]: |o.o o o +        |
[   25.473614] cloud-init[945]: |.o + + o .       |
[   25.473830] cloud-init[945]: |. . = O+o        |
[   25.474058] cloud-init[945]: |.. o X.*S        |
[   25.474320] cloud-init[945]: |+.o +.*..        |
[   25.474540] cloud-init[945]: |=+E oo.. .       |
[   25.474754] cloud-init[945]: |=* o    o        |
[0;32m  OK  [0m] Started Daily apt download activities.
[[   25.475176] cloud-init[945]: |+++.   .         |
[   25.556508] cloud-init[945]: +----[SHA256]-----+
[0;32m  OK  [0m] Started Daily apt upgrade and clean activities.
[[0;32m  OK  [0m] Listening on D-Bus System Message Bus Socket.
[[0;32m  OK  [0m] Started ACPI Events Check.
[[0;32m  OK  [0m] Reached target Paths.
[[0;32m  OK  [0m] Started Daily Cleanup of Temporary Directories.
[[0;32m  OK  [0m] Reached target Timers.
[[0;32m  OK  [0m] Listening on ACPID Listen Socket.
         Starting LXD - unix socket.
[[0;32m  OK  [0m] Listening on UUID daemon activation socket.
[[0;32m  OK  [0m] Listening on Socket activation for snappy daemon.
[[0;32m  OK  [0m] Listening on LXD - unix socket.
[[0;32m  OK  [0m] Started iSCSI initiator daemon (iscsid).
         Starting Login to default iSCSI targets...
[[0;32m  OK  [0m] Reached target Sockets.
[[0;32m  OK  [0m] Reached target Basic System.
         Starting LSB: Record successful boot for GRUB...
[[0;32m  OK  [0m] Started Deferred execution scheduler.
         Starting Virtualbox guest utils...
         Starting System Logging Service...
[[0;32m  OK  [0m] Started ACPI event daemon.
         Starting LXD - container startup/shutdown...
         Starting Login Service...
         Starting LSB: MD monitoring daemon...
         Starting Snappy daemon...
         Starting Pollinate to seed the pseudo random number generator...
         Starting Accounts Service...
         Starting /etc/rc.local Compatibility...
[[0;32m  OK  [0m] Started Regular background program processing daemon.
[[0;32m  OK  [0m] Started D-Bus System Message Bus.
[[0;32m  OK  [0m] Started FUSE filesystem for LXC.
[[0;32m  OK  [0m] Started System Logging Service.
[[0;32m  OK  [0m] Started /etc/rc.local Compatibility.
[[0;32m  OK  [0m] Started LSB: Record successful boot for GRUB.
[[0;32m  OK  [0m] Started LXD - container startup/shutdown.
[[0;32m  OK  [0m] Started Login Service.
[[0;32m  OK  [0m] Started LSB: MD monitoring daemon.
[[0;32m  OK  [0m] Started Unattended Upgrades Shutdown.
         Starting Authenticate and Authorize Users to Run Privileged Tasks...
[[0;32m  OK  [0m] Started Login to default iSCSI targets.
[[0;32m  OK  [0m] Started Virtualbox guest utils.
[[0;32m  OK  [0m] Reached target Remote File Systems (Pre).
[[0;32m  OK  [0m] Reached target Remote File Systems.
         Starting LSB: automatic crash report generation...
         Starting LSB: daemon to balance interrupts for SMP systems...
         Starting LSB: Set the CPU Frequency Scaling governor to "ondemand"...
         Starting Permit User Sessions...
[[0;32m  OK  [0m] Started Permit User Sessions.
[[0;32m  OK  [0m] Started Authenticate and Authorize Users to Run Privileged Tasks.
[[0;32m  OK  [0m] Started Snappy daemon.
[[0;32m  OK  [0m] Started Accounts Service.
         Starting Wait until snapd is fully seeded...
         Starting Hold until boot process finishes up...
         Starting Terminate Plymouth Boot Screen...
[[0;32m  OK  [0m] Started Hold until boot process finishes up.
[[0;32m  OK  [0m] Started Serial Getty on ttyS0.
[[0;32m  OK  [0m] Started Getty on tty1.
[[0;32m  OK  [0m] Reached target Login Prompts.
         Starting Set console scheme...
[[0;32m  OK  [0m] Started LSB: Set the CPU Frequency Scaling governor to "ondemand".
[[0;32m  OK  [0m] Started LSB: automatic crash report generation.
[[0;32m  OK  [0m] Started LSB: daemon to balance interrupts for SMP systems.
[[0;32m  OK  [0m] Started Terminate Plymouth Boot Screen.
[[0;32m  OK  [0m] Started Set console scheme.
[[0;32m  OK  [0m] Started Pollinate to seed the pseudo random number generator.
         Starting OpenBSD Secure Shell server...
[[0;32m  OK  [0m] Started OpenBSD Secure Shell server.
[[0;32m  OK  [0m] Created slice User Slice of vagrant.
[[0;32m  OK  [0m] Started Session 1 of user vagrant.
         Starting User Manager for UID 1000...
[[0;32m  OK  [0m] Started User Manager for UID 1000.
[[0;32m  OK  [0m] Started Wait until snapd is fully seeded.
         Starting Apply the settings specified in cloud-config...
[[0;32m  OK  [0m] Reached target Multi-User System.
[[0;32m  OK  [0m] Reached target Graphical Interface.
         Starting Update UTMP about System Runlevel Changes...
[[0;32m  OK  [0m] Started Update UTMP about System Runlevel Changes.
[   27.748564] cloud-init[1362]: Generating locales (this might take a while)...
[   28.623286] cloud-init[1362]:   en_US.UTF-8... done
[   28.669132] cloud-init[1362]: Generation complete.
[   28.911891] cloud-init[1362]: Cloud-init v. 19.2-36-g059d049c-0ubuntu2~16.04.1 running 'modules:config' at Fri, 13 Dec 2019 10:01:58 +0000. Up 27.62 seconds.
[[0;32m  OK  [0m] Started Apply the settings specified in cloud-config.
         Starting Execute cloud user/final scripts...
ci-info: no authorized ssh keys fingerprints found for user ubuntu.
<14>Dec 13 10:02:00 ec2: 
<14>Dec 13 10:02:00 ec2: #############################################################
<14>Dec 13 10:02:00 ec2: -----BEGIN SSH HOST KEY FINGERPRINTS-----
<14>Dec 13 10:02:00 ec2: 1024 SHA256:Et5QKLjgpu9FqkM3emFr2Cbj4lMFLz3Oydj/gojJ2x8 root@ubuntu-xenial (DSA)
<14>Dec 13 10:02:00 ec2: 256 SHA256:hxuaVQkIW1A/X4SFwdP1PhbO7YlhML6E9M3xmdo/4zQ root@ubuntu-xenial (ECDSA)
<14>Dec 13 10:02:00 ec2: 256 SHA256:2KxouixTIl2crS1NPDYHiNU96WpvAQ4LJTKx6roZMm0 root@ubuntu-xenial (ED25519)
<14>Dec 13 10:02:00 ec2: 2048 SHA256:Si6qVE0SbhTpEs+6z2HBwJFlwRQbP7Ac6f51qziIMxw root@ubuntu-xenial (RSA)
<14>Dec 13 10:02:00 ec2: -----END SSH HOST KEY FINGERPRINTS-----
<14>Dec 13 10:02:00 ec2: #############################################################
-----BEGIN SSH HOST KEY KEYS-----
ecdsa-sha2-nistp256 AAAAE2VjZHNhLXNoYTItbmlzdHAyNTYAAAAIbmlzdHAyNTYAAABBBIoF3uDpLdT5ZdUsw3OQcnQX7R9bqbzPN45VuwSGB3DO0pQ0a23Vk9s564QGxFAimOeY/9uLWD0ulkIPDNeWfJg= root@ubuntu-xenial
ssh-ed25519 AAAAC3NzaC1lZDI1NTE5AAAAIEq5YlfB01qWFv2kjR7jIveZkxwgGERwjEDKmw38pqyu root@ubuntu-xenial
ssh-rsa AAAAB3NzaC1yc2EAAAADAQABAAABAQDUAdAQ59p2QssqKpbEPsUZee3g+mkwFOYdPwiPDZMCZonnFUo3YHt2kyFHnE7ToeBUXcn3fGeuW1fOdIFD29eTWb53/32t2cjPF1acB6yJxPvph+LF2JXioKl6laAGafgxYEJbiDH0w+L9p6GyvmbQOgRLOKhmE3FlWVRuErk8MCKVmwMlzdlx6ntVwxEI2zjllvfuKltbKFqPNIgUykFkxdljCStcI7eziixPIXrIk7v3zKKPi1zl9vcRAwv3oOLFnHzhaQZUFpNkjsublw1rkCO1UmM6fvNcRTiuLOWNl6aCb+DHfYjalGhUlc+23xZjepjtyFG6ZrhYuXTwHuW5 root@ubuntu-xenial
-----END SSH HOST KEY KEYS-----
[   29.627112] cloud-init[1530]: Cloud-init v. 19.2-36-g059d049c-0ubuntu2~16.04.1 running 'modules:final' at Fri, 13 Dec 2019 10:02:00 +0000. Up 29.43 seconds.
[   29.637862] cloud-init[1530]: ci-info: no authorized ssh keys fingerprints found for user ubuntu.
[   29.641304] cloud-init[1530]: Cloud-init v. 19.2-36-g059d049c-0ubuntu2~16.04.1 finished at Fri, 13 Dec 2019 10:02:00 +0000. Datasource DataSourceNoCloud [seed=/dev/sdb][dsmode=net].  Up 29.61 seconds
[[0;32m  OK  [0m] Started Execute cloud user/final scripts.
[[0;32m  OK  [0m] Reached target Cloud-init target.

Ubuntu 16.04.6 LTS ubuntu-xenial ttyS0

ubuntu-xenial login: 